# Gallery captures of RimBabel on the Sanctuary of Nelim: the Backlot's minimum mod list as it is (copied from CrystalBall's pass of 2026-10-08),
# without the coat steps. RimBabel itself and its companion are staged by the launcher. Seeds: config/sanctuary/ (AB's Visible Pants and Venus Touch Waistlines),
# copied from the Backlot. The save is Nelims-tribe.
nelim.pickletools.screenshotstudio path:PickleTools/ScreenshotStudio/Mod
nelim.pickletools.camerazoom path:PickleTools/CameraZoom/Mod
nelim.pickletools.stagedecor path:PickleTools/StageDecor/Mod
nelim.pickletools.colonistrace path:PickleTools/ColonistRace/Mod
nelim.pickletools.clearscreen path:PickleTools/ClearScreen/Mod
nelim.pickletools.clickdiagnostics path:PickleTools/ClickDiagnostics/Mod
# The bundle is committed under PickleTools/Mod: this shell replaces it, so the tools above are the only copy of their steps (see StandaloneBase).
nelim.pickletools   path:PickleTools/Tests/Pickle/StandaloneBase/Mod
# Minimum list, 2026-10-07/08 (owner). The staging activates in file order, then sorts by loadAfter/dependencies.
# Bodies and trousers, as proven by Venus Touch Waistlines' gallery pass WITHOUT TailorMade (VenusTouchWaistlines/docs/runs/2026-10-08_gallery-no-tailormade-1):
# Female Body Variants and Female Apparel Variants load BEFORE WDI (else their Naked_*_Female textures shadow WDI's); AB's Visible Pants is indispensable (without it Venus does nothing).
# Seeds: Tests/Pickle/config/sanctuary/ (AB's settings; Venus's, whose name must be Mod_local-<packageId>_<Class>.xml because it is staged by path:).
# Not staged: TailorMade (not needed), Apparel Paper Pattern (not required: AB lists it in loadAfter only), THIGAPPE (does the same fitting as Venus, dropped), Reel's textures (owner: not added), Kas.GeneralCollection (optional, Workshop id 3789119336).
tiagocc0.FemaleBodyVariants 3798082132
tiagocc0.FemaleApparelVariants 3799726535
wdi.realistic.bodies 3527486510
ab.vplrf 2986402536
nelim.venustouch.waistlines path:VenusTouchWaistlines/Mod
# Facial animation: base, experimentals, Vanilla Textures Expanded, Akeron Extras (needs VTE), EyeGenes3, the performance patch, then VFAE (hard-requires the first four of this block, adopts the VTE and Reel placement adjustments, includes blinking).
Nals.FacialAnimation 1635901197
nals.facialanimationexperimentals 2581693737
VanillaExpanded.VTEXE.FacialAnims 2816938779
Newton.AKNExtras.FacialAnimations 2889716301
lucius.eyegenes3 3745223213
astryl.FacialAnimationPerformancePatch 3790129900
sd.fa.movingvanillaeyes 3753978140
# Show Hair Under Stuff (Raccoon Cuddler): hair stays visible under hats and helmets; only hard dependency is Harmony (owner, 2026-10-08).
RaccoonCuddler.ShowHair 3255379190
